// Vitest Snapshot v1, https://vitest.dev/guide/snapshot.html

exports[`Brindleford's buildings > keep to a triangle budget, and come out as they did 1`] = `
{
  "brindle-mill": 12438,
  "brindleford-notices": 318,
  "brindleford-well": 1082,
  "cobbe-barn": 7568,
  "cobbe-farmhouse": 6372,
  "ferry-cottage": 5494,
  "ferrymans-rest": 13198,
  "fletcher-house": 5446,
  "hask-house": 5346,
  "herbalists-cottage": 5800,
  "hollin-house": 5494,
  "holt-house": 5228,
  "lusk-house": 5346,
  "megs-house": 5590,
  "orr-house": 5184,
  "reede-house": 5494,
  "reeves-house": 8274,
  "shrine-house": 6426,
  "smithy": 4512,
  "tidy-house": 5494,
}
`;
